// Jest Snapshot v1, https://goo.gl/fbAQLP

exports[`<PostCard> should match snapshot 1`] = `
<div
  class="post"
>
  <img
    alt="titulo"
    src="https://dfdfdf"
  />
  <div
    class="post-content"
  >
    <h1>
      1
    </h1>
    <h2>
      titulo
    </h2>
    <p>
      corpo
    </p>
  </div>
</div>
`;
